
Foo

<!-- generated by mermaid compile action - START -->
<img src="img/gray-flow.png">
<!-- generated by mermaid compile action - END -->

Bar
